tv_grab_fr_telerama, 2026-09-04 23:34:36
----------------------------------------
                                                  getting listings...Aucun programme pour la chaîne 16 BBC1 le 2026-09-09
Aucun programme pour la chaîne 50 RTL club le 2026-09-09
Aucun programme pour la chaîne 59 SRF 1 le 2026-09-09
Aucun programme pour la chaîne 64 Equidia le 2026-09-09
Aucun programme pour la chaîne 116 BFM Lyon le 2026-09-09
Aucun programme pour la chaîne 121 MCM le 2026-09-09
Aucun programme pour la chaîne 124 La Chaîne Météo le 2026-09-09
Aucun programme pour la chaîne 154 RAI 2 le 2026-09-09
Aucun programme pour la chaîne 166 RTL le 2026-09-09
Aucun programme pour la chaîne 202 RTS 1 le 2026-09-09
Aucun programme pour la chaîne 206 La 1 le 2026-09-09
Aucun programme pour la chaîne 207 La 2 le 2026-09-09
Aucun programme pour la chaîne 491 Télénantes le 2026-09-09
Aucun programme pour la chaîne 524 BFM Alsace le 2026-09-09
Aucun programme pour la chaîne 529 France 24 le 2026-09-09
Aucun programme pour la chaîne 701 20 minutes TV le 2026-09-09
Aucun programme pour la chaîne 892 La Trois le 2026-09-09
Aucun programme pour la chaîne 1073 BFM Business le 2026-09-09
Aucun programme pour la chaîne 2544 Arte Belgique le 2026-09-09
Grabber process finished in 4641 seconds for 76 chans, 1975 api calls : 1974 api_casting, 1 api_grille, 0 cached api_casting
